{
    "seed": -497911223829803282,
    "samples": [
        981946,
        -10516542,
        -7758586,
        -16508668,
        202187
    ]
}