{
    "seed": 7219799564104406986,
    "samples": [
        -15015217,
        -4891189,
        -1018100,
        -2834381,
        9226340
    ]
}