{
    "seed": 8548895157162321613,
    "samples": [
        {
            "dataDir": "/",
            "metrics": {
                "influx": {
                    "database": "\u00134b𸢦",
                    "host": "\u0008଀",
                    "port": 2
                }
            },
            "persistStore": "hb.TlUJO% [A4r-F2=KB'T,z*",
            "port": 10
        },
        {
            "dataDir": "\\",
            "metrics": null,
            "persistStore": "䖉-F+W銌",
            "port": 28
        },
        {
            "dataDir": "r򦷠^󌼆󺇳",
            "metrics": {
                "carbon": {
                    "host": "\u0015+\u0015",
                    "port": -15
                }
            },
            "persistStore": "+u>DEkz𧠤}]Iu",
            "port": 3
        },
        {
            "dataDir": "E",
            "metrics": {
                "influx": {
                    "database": "xfE",
                    "host": "K$",
                    "port": -15
                }
            },
            "persistStore": "𩱕",
            "port": 23
        },
        {
            "dataDir": "\u0000uk",
            "metrics": null,
            "persistStore": "Naj41ctZ:'@Xz6>Y",
            "port": 10
        }
    ]
}